// Jest Snapshot v1, https://goo.gl/fbAQLP

exports[`component <World /> should render correctly with Box by default 1`] = `
<Switch>
  <Route
    component={[Function]}
    exact={true}
    path="/editor"
  />
  <Route
    path="/editor/scene3D"
    render={[Function]}
  />
</Switch>
`;

exports[`component <World /> should render correctly with Sphere 1`] = `
<Switch>
  <Route
    component={[Function]}
    exact={true}
    path="/editor"
  />
  <Route
    path="/editor/scene3D"
    render={[Function]}
  />
</Switch>
`;
