// Jest Snapshot v1, https://goo.gl/fbAQLP

exports[`component <World /> should render correctly with Box by default 1`] = `
<div
  role="presentation"
  style={
    Object {
      "height": "100%",
      "width": "100%",
    }
  }
>
  <Route
    exact={true}
    path="/project/:id/:scene"
    render={[Function]}
  />
  <Switch>
    <Route
      component={[Function]}
      exact={true}
      path="/project/:id?"
    />
    <Route
      path="/project/:id/scene2D"
      render={[Function]}
    />
    <Route
      path="/project/:id/scene3D"
      render={[Function]}
    />
  </Switch>
</div>
`;

exports[`component <World /> should render correctly with Sphere 1`] = `
<div
  role="presentation"
  style={
    Object {
      "height": "100%",
      "width": "100%",
    }
  }
>
  <Route
    exact={true}
    path="/project/:id/:scene"
    render={[Function]}
  />
  <Switch>
    <Route
      component={[Function]}
      exact={true}
      path="/project/:id?"
    />
    <Route
      path="/project/:id/scene2D"
      render={[Function]}
    />
    <Route
      path="/project/:id/scene3D"
      render={[Function]}
    />
  </Switch>
</div>
`;
